FEM solver failed for sample 0: index 2 is out of bounds for axis 0 with size 2
FEM solver failed for sample 1: index 2 is out of bounds for axis 0 with size 2
FEM solver failed for sample 2: index 2 is out of bounds for axis 0 with size 2
FEM solver failed for sample 3: index 2 is out of bounds for axis 0 with size 2
FEM solver failed for sample 4: index 2 is out of bounds for axis 0 with size 2
FEM solver failed for sample 5: index 2 is out of bounds for axis 0 with size 2
FEM solver failed for sample 6: index 2 is out of bounds for axis 0 with size 2
FEM solver failed for sample 7: index 2 is out of bounds for axis 0 with size 2
FEM solver failed for sample 8: index 2 is out of bounds for axis 0 with size 2
FEM solver failed for sample 9: index 2 is out of bounds for axis 0 with size 2
FEM solver failed for sample 10: index 2 is out of bounds for axis 0 with size 2
FEM solver failed for sample 11: index 2 is out of bounds for axis 0 with size 2
FEM solver failed for sample 12: index 2 is out of bounds for axis 0 with size 2
FEM solver failed for sample 13: index 2 is out of bounds for axis 0 with size 2
FEM solver failed for sample 14: index 2 is out of bounds for axis 0 with size 2
FEM solver failed for sample 15: index 2 is out of bounds for axis 0 with size 2
FEM solver failed for sample 16: index 2 is out of bounds for axis 0 with size 2
FEM solver failed for sample 17: index 2 is out of bounds for axis 0 with size 2
FEM solver failed for sample 18: index 2 is out of bounds for axis 0 with size 2
FEM solver failed for sample 19: index 2 is out of bounds for axis 0 with size 2
FEM solver failed for sample 20: index 2 is out of bounds for axis 0 with size 2
FEM solver failed for sample 21: index 2 is out of bounds for axis 0 with size 2
FEM solver failed for sample 22: index 2 is out of bounds for axis 0 with size 2
FEM solver failed for sample 23: index 2 is out of bounds for axis 0 with size 2
FEM solver failed for sample 24: index 2 is out of bounds for axis 0 with size 2
FEM solver failed for sample 25: index 2 is out of bounds for axis 0 with size 2
FEM solver failed for sample 26: index 2 is out of bounds for axis 0 with size 2
FEM solver failed for sample 27: index 2 is out of bounds for axis 0 with size 2
FEM solver failed for sample 28: index 2 is out of bounds for axis 0 with size 2
FEM solver failed for sample 29: index 2 is out of bounds for axis 0 with size 2
FEM solver failed for sample 30: index 2 is out of bounds for axis 0 with size 2
FEM solver failed for sample 31: index 2 is out of bounds for axis 0 with size 2
FEM solver failed for sample 32: index 2 is out of bounds for axis 0 with size 2
FEM solver failed for sample 33: index 2 is out of bounds for axis 0 with size 2
FEM solver failed for sample 34: index 2 is out of bounds for axis 0 with size 2
FEM solver failed for sample 35: index 2 is out of bounds for axis 0 with size 2
FEM solver failed for sample 36: index 2 is out of bounds for axis 0 with size 2
FEM solver failed for sample 37: index 2 is out of bounds for axis 0 with size 2
FEM solver failed for sample 38: index 2 is out of bounds for axis 0 with size 2
FEM solver failed for sample 39: index 2 is out of bounds for axis 0 with size 2
FEM solver failed for sample 40: index 2 is out of bounds for axis 0 with size 2
FEM solver failed for sample 41: index 2 is out of bounds for axis 0 with size 2
FEM solver failed for sample 42: index 2 is out of bounds for axis 0 with size 2
FEM solver failed for sample 43: index 2 is out of bounds for axis 0 with size 2
FEM solver failed for sample 44: index 2 is out of bounds for axis 0 with size 2
FEM solver failed for sample 45: index 2 is out of bounds for axis 0 with size 2
FEM solver failed for sample 46: index 2 is out of bounds for axis 0 with size 2
FEM solver failed for sample 47: index 2 is out of bounds for axis 0 with size 2
FEM solver failed for sample 48: index 2 is out of bounds for axis 0 with size 2
FEM solver failed for sample 49: index 2 is out of bounds for axis 0 with size 2
FEM solver failed for sample 50: index 2 is out of bounds for axis 0 with size 2
FEM solver failed for sample 51: index 2 is out of bounds for axis 0 with size 2
FEM solver failed for sample 52: index 2 is out of bounds for axis 0 with size 2
FEM solver failed for sample 53: index 2 is out of bounds for axis 0 with size 2
FEM solver failed for sample 54: index 2 is out of bounds for axis 0 with size 2
FEM solver failed for sample 55: index 2 is out of bounds for axis 0 with size 2
FEM solver failed for sample 56: index 2 is out of bounds for axis 0 with size 2
FEM solver failed for sample 57: index 2 is out of bounds for axis 0 with size 2
FEM solver failed for sample 58: index 2 is out of bounds for axis 0 with size 2
FEM solver failed for sample 59: index 2 is out of bounds for axis 0 with size 2
FEM solver failed for sample 60: index 2 is out of bounds for axis 0 with size 2
FEM solver failed for sample 61: index 2 is out of bounds for axis 0 with size 2
FEM solver failed for sample 62: index 2 is out of bounds for axis 0 with size 2
FEM solver failed for sample 63: index 2 is out of bounds for axis 0 with size 2
FEM solver failed for sample 64: index 2 is out of bounds for axis 0 with size 2
FEM solver failed for sample 65: index 2 is out of bounds for axis 0 with size 2
FEM solver failed for sample 66: index 2 is out of bounds for axis 0 with size 2
FEM solver failed for sample 67: index 2 is out of bounds for axis 0 with size 2
FEM solver failed for sample 68: index 2 is out of bounds for axis 0 with size 2
FEM solver failed for sample 69: index 2 is out of bounds for axis 0 with size 2
FEM solver failed for sample 70: index 2 is out of bounds for axis 0 with size 2
FEM solver failed for sample 71: index 2 is out of bounds for axis 0 with size 2
FEM solver failed for sample 72: index 2 is out of bounds for axis 0 with size 2
FEM solver failed for sample 73: index 2 is out of bounds for axis 0 with size 2
FEM solver failed for sample 74: index 2 is out of bounds for axis 0 with size 2
FEM solver failed for sample 75: index 2 is out of bounds for axis 0 with size 2
FEM solver failed for sample 76: index 2 is out of bounds for axis 0 with size 2
FEM solver failed for sample 77: index 2 is out of bounds for axis 0 with size 2
FEM solver failed for sample 78: index 2 is out of bounds for axis 0 with size 2
FEM solver failed for sample 79: index 2 is out of bounds for axis 0 with size 2
FEM solver failed for sample 80: index 2 is out of bounds for axis 0 with size 2
FEM solver failed for sample 81: index 2 is out of bounds for axis 0 with size 2
FEM solver failed for sample 82: index 2 is out of bounds for axis 0 with size 2
FEM solver failed for sample 83: index 2 is out of bounds for axis 0 with size 2
FEM solver failed for sample 84: index 2 is out of bounds for axis 0 with size 2
FEM solver failed for sample 85: index 2 is out of bounds for axis 0 with size 2
FEM solver failed for sample 86: index 2 is out of bounds for axis 0 with size 2
FEM solver failed for sample 87: index 2 is out of bounds for axis 0 with size 2
FEM solver failed for sample 88: index 2 is out of bounds for axis 0 with size 2
FEM solver failed for sample 89: index 2 is out of bounds for axis 0 with size 2
FEM solver failed for sample 90: index 2 is out of bounds for axis 0 with size 2
FEM solver failed for sample 91: index 2 is out of bounds for axis 0 with size 2
FEM solver failed for sample 92: index 2 is out of bounds for axis 0 with size 2
FEM solver failed for sample 93: index 2 is out of bounds for axis 0 with size 2
FEM solver failed for sample 94: index 2 is out of bounds for axis 0 with size 2
FEM solver failed for sample 95: index 2 is out of bounds for axis 0 with size 2
FEM solver failed for sample 96: index 2 is out of bounds for axis 0 with size 2
FEM solver failed for sample 97: index 2 is out of bounds for axis 0 with size 2
FEM solver failed for sample 98: index 2 is out of bounds for axis 0 with size 2
FEM solver failed for sample 99: index 2 is out of bounds for axis 0 with size 2
FEM solver failed for sample 100: index 2 is out of bounds for axis 0 with size 2
FEM solver failed for sample 101: index 2 is out of bounds for axis 0 with size 2
FEM solver failed for sample 102: index 2 is out of bounds for axis 0 with size 2
FEM solver failed for sample 103: index 2 is out of bounds for axis 0 with size 2
FEM solver failed for sample 104: index 2 is out of bounds for axis 0 with size 2
FEM solver failed for sample 105: index 2 is out of bounds for axis 0 with size 2
FEM solver failed for sample 106: index 2 is out of bounds for axis 0 with size 2
FEM solver failed for sample 107: index 2 is out of bounds for axis 0 with size 2
FEM solver failed for sample 108: index 2 is out of bounds for axis 0 with size 2
FEM solver failed for sample 109: index 2 is out of bounds for axis 0 with size 2
FEM solver failed for sample 110: index 2 is out of bounds for axis 0 with size 2
FEM solver failed for sample 111: index 2 is out of bounds for axis 0 with size 2
FEM solver failed for sample 112: index 2 is out of bounds for axis 0 with size 2
FEM solver failed for sample 113: index 2 is out of bounds for axis 0 with size 2
FEM solver failed for sample 114: index 2 is out of bounds for axis 0 with size 2
FEM solver failed for sample 115: index 2 is out of bounds for axis 0 with size 2
FEM solver failed for sample 116: index 2 is out of bounds for axis 0 with size 2
FEM solver failed for sample 117: index 2 is out of bounds for axis 0 with size 2
FEM solver failed for sample 118: index 2 is out of bounds for axis 0 with size 2
FEM solver failed for sample 119: index 2 is out of bounds for axis 0 with size 2
FEM solver failed for sample 120: index 2 is out of bounds for axis 0 with size 2
FEM solver failed for sample 121: index 2 is out of bounds for axis 0 with size 2
FEM solver failed for sample 122: index 2 is out of bounds for axis 0 with size 2
FEM solver failed for sample 123: index 2 is out of bounds for axis 0 with size 2
FEM solver failed for sample 124: index 2 is out of bounds for axis 0 with size 2
FEM solver failed for sample 125: index 2 is out of bounds for axis 0 with size 2
FEM solver failed for sample 126: index 2 is out of bounds for axis 0 with size 2
FEM solver failed for sample 127: index 2 is out of bounds for axis 0 with size 2
FEM solver failed for sample 128: index 2 is out of bounds for axis 0 with size 2
FEM solver failed for sample 129: index 2 is out of bounds for axis 0 with size 2
FEM solver failed for sample 130: index 2 is out of bounds for axis 0 with size 2
FEM solver failed for sample 131: index 2 is out of bounds for axis 0 with size 2
FEM solver failed for sample 132: index 2 is out of bounds for axis 0 with size 2
FEM solver failed for sample 133: index 2 is out of bounds for axis 0 with size 2
FEM solver failed for sample 134: index 2 is out of bounds for axis 0 with size 2
FEM solver failed for sample 135: index 2 is out of bounds for axis 0 with size 2
FEM solver failed for sample 136: index 2 is out of bounds for axis 0 with size 2
FEM solver failed for sample 137: index 2 is out of bounds for axis 0 with size 2
FEM solver failed for sample 138: index 2 is out of bounds for axis 0 with size 2
FEM solver failed for sample 139: index 2 is out of bounds for axis 0 with size 2
FEM solver failed for sample 140: index 2 is out of bounds for axis 0 with size 2
FEM solver failed for sample 141: index 2 is out of bounds for axis 0 with size 2
FEM solver failed for sample 142: index 2 is out of bounds for axis 0 with size 2
FEM solver failed for sample 143: index 2 is out of bounds for axis 0 with size 2
FEM solver failed for sample 144: index 2 is out of bounds for axis 0 with size 2
FEM solver failed for sample 145: index 2 is out of bounds for axis 0 with size 2
FEM solver failed for sample 146: index 2 is out of bounds for axis 0 with size 2
FEM solver failed for sample 147: index 2 is out of bounds for axis 0 with size 2
FEM solver failed for sample 148: index 2 is out of bounds for axis 0 with size 2
FEM solver failed for sample 149: index 2 is out of bounds for axis 0 with size 2
Traceback (most recent call last):
  File "/home/s2113174/Projects-1/Elliptic/elliptic_files/train_elliptic.py", line 110, in generate_test_data
    x_test = solver.solution_array()[0][:, 0].reshape(-1, 1)
             ^^^^^^^^^^^^^^^^^^^^^^^
  File "/home/s2113174/Projects-1/Elliptic/elliptic_files/FEM_Solver.py", line 146, in solution_array
    return (x, self.uh.x.array)
               ^^^^^^^^^
AttributeError: 'NoneType' object has no attribute 'x'

During handling of the above exception, another exception occurred:

Traceback (most recent call last):
  File "/home/s2113174/Projects-1/Elliptic/experiments/elliptic_experiment.py", line 248, in <module>
    main(args.verbose, args.N, args.train, args.weight_decay, args.deepgala, args.noise_level, args.fem_mcmc,
  File "/home/s2113174/Projects-1/Elliptic/experiments/elliptic_experiment.py", line 224, in main
    run_experiment(config_experiment,device)
  File "/home/s2113174/Projects-1/Elliptic/experiments/elliptic_experiment.py", line 131, in run_experiment
    pinn_nvs = train_elliptic(config, device=device)
               ^^^^^^^^^^^^^^^^^^^^^^^^^^^^^^^^^^^^^
  File "/home/s2113174/Projects-1/Elliptic/elliptic_files/train_elliptic.py", line 131, in train_elliptic
    x_val,param_val, sol_val = generate_test_data(config.samples,param =param_test, vert=30)
                               ^^^^^^^^^^^^^^^^^^^^^^^^^^^^^^^^^^^^^^^^^^^^^^^^^^^^^^^^^^^^^
  File "/home/s2113174/Projects-1/Elliptic/elliptic_files/train_elliptic.py", line 112, in generate_test_data
    raise RuntimeError(f"Failed to retrieve test points: {str(e)}")
RuntimeError: Failed to retrieve test points: 'NoneType' object has no attribute 'x'
